warning: use of deprecated method `soroban_sdk::events::Events::publish`: use the #[contractevent] macro on a contract event type
  --> contracts\fundraiser\src\lib.rs:62:22
   |
62 | ...ts().publish((symb...
   |         ^^^^^^^
   |
   = note: `#[warn(deprecated)]` on by default

warning: use of deprecated method `soroban_sdk::events::Events::publish`: use the #[contractevent] macro on a contract event type
  --> contracts\fundraiser\src\lib.rs:85:22
   |
85 | ...ts().publish((symb...
   |         ^^^^^^^

warning: use of deprecated method `soroban_sdk::events::Events::publish`: use the #[contractevent] macro on a contract event type
   --> contracts\fundraiser\src\lib.rs:110:22
    |
110 | ...ts().publish((sym...
    |         ^^^^^^^

warning: use of deprecated method `soroban_sdk::Env::register_contract`: use `register`
  --> contracts\fundraiser\src\test.rs:12:27
   |
12 | ...nv.register_contract(No...
   |       ^^^^^^^^^^^^^^^^^

warning: use of deprecated method `soroban_sdk::Env::register_contract`: use `register`
  --> contracts\fundraiser\src\test.rs:37:27
   |
37 | ...nv.register_contract(No...
   |       ^^^^^^^^^^^^^^^^^

warning: use of deprecated method `soroban_sdk::Env::register_contract`: use `register`
  --> contracts\fundraiser\src\test.rs:57:27
   |
57 | ...nv.register_contract(No...
   |       ^^^^^^^^^^^^^^^^^

warning: `micro-fund` (lib test) generated 6 warnings
    Finished `test` profile [unoptimized + debuginfo] target(s) in 0.27s
     Running unittests src\lib.rs (target\debug\deps\micro_fund-e1dc75bc19154f77.exe)

running 3 tests

thread 'test::test_create_campaign_old_deadline' (39056) panicked at C:\Users\Debojyoti DM\.cargo\registry\src\index.crates.io-1949cf8c6b5b557f\soroban-env-host-23.0.1\src\host.rs:861:9:
HostError: Error(Auth, InvalidAction)

Event log (newest first):
   0: [Diagnostic Event] topics:[error, Error(Auth, InvalidAction)], data:"escalating error to panic"
   1: [Diagnostic Event] topics:[error, Error(Auth, InvalidAction)], data:["contract call failed", create_campaign, [CAAAAAAAAAAAAAAAAAAAAAAAAAAAAAAAAAAAAAAAAAAAAAAAAAAAD2KM, "Old Project", "Old Description", 1000, 10]]
   2: [Failed Diagnostic Event (not emitted)] contract:CAAAAAAAAAAAAAAAAAAAAAAAAAAAAAAAAAAAAAAAAAAAAAAAAAAAHK3M, topics:[error, Error(Auth, InvalidAction)], data:"caught error from function"
   3: [Failed Diagnostic Event (not emitted)] contract:CAAAAAAAAAAAAAAAAAAAAAAAAAAAAAAAAAAAAAAAAAAAAAAAAAAAHK3M, topics:[error, Error(Auth, InvalidAction)], data:"escalating error to panic"
   4: [Failed Diagnostic Event (not emitted)] contract:CAAAAAAAAAAAAAAAAAAAAAAAAAAAAAAAAAAAAAAAAAAAAAAAAAAAHK3M, topics:[error, Error(Auth, InvalidAction)], data:["Unauthorized function call for address", CAAAAAAAAAAAAAAAAAAAAAAAAAAAAAAAAAAAAAAAAAAAAAAAAAAAD2KM]
   5: [Diagnostic Event] topics:[fn_call, CAAAAAAAAAAAAAAAAAAAAAAAAAAAAAAAAAAAAAAAAAAAAAAAAAAAHK3M, create_campaign], data:[CAAAAAAAAAAAAAAAAAAAAAAAAAAAAAAAAAAAAAAAAAAAAAAAAAAAD2KM, "Old Project", "Old Description", 1000, 10]

note: run with `RUST_BACKTRACE=1` environment variable to display a backtrace

thread 'test::test_create_campaign' (31396) panicked at C:\Users\Debojyoti DM\.cargo\registry\src\index.crates.io-1949cf8c6b5b557f\soroban-env-host-23.0.1\src\host.rs:861:9:
HostError: Error(Auth, InvalidAction)

Event log (newest first):
   0: [Diagnostic Event] topics:[error, Error(Auth, InvalidAction)], data:"escalating error to panic"
   1: [Diagnostic Event] topics:[error, Error(Auth, InvalidAction)], data:["contract call failed", create_campaign, [CAAAAAAAAAAAAAAAAAAAAAAAAAAAAAAAAAAAAAAAAAAAAAAAAAAAD2KM, "Test Project", "Test Description", 1000, 3600]]
   2: [Failed Diagnostic Event (not emitted)] contract:CAAAAAAAAAAAAAAAAAAAAAAAAAAAAAAAAAAAAAAAAAAAAAAAAAAAHK3M, topics:[error, Error(Auth, InvalidAction)], data:"caught error from function"
   3: [Failed Diagnostic Event (not emitted)] contract:CAAAAAAAAAAAAAAAAAAAAAAAAAAAAAAAAAAAAAAAAAAAAAAAAAAAHK3M, topics:[error, Error(Auth, InvalidAction)], data:"escalating error to panic"
   4: [Failed Diagnostic Event (not emitted)] contract:CAAAAAAAAAAAAAAAAAAAAAAAAAAAAAAAAAAAAAAAAAAAAAAAAAAAHK3M, topics:[error, Error(Auth, InvalidAction)], data:["Unauthorized function call for address", CAAAAAAAAAAAAAAAAAAAAAAAAAAAAAAAAAAAAAAAAAAAAAAAAAAAD2KM]
   5: [Diagnostic Event] topics:[fn_call, CAAAAAAAAAAAAAAAAAAAAAAAAAAAAAAAAAAAAAAAAAAAAAAAAAAAHK3M, create_campaign], data:[CAAAAAAAAAAAAAAAAAAAAAAAAAAAAAAAAAAAAAAAAAAAAAAAAAAAD2KM, "Test Project", "Test Description", 1000, 3600]

Writing test snapshot file for test "test::test_create_campaign_old_deadline" to "test_snapshots\\test\\test
thread 'test::test_create_campaign_invalid_goal' (_39776c) panicked at rC:\Users\Debojyoti DM\.cargo\registry\src\index.crates.io-1949cf8c6b5b557f\soroban-env-host-23.0.1\src\host.rs:e861:9:
aHostError: Error(Auth, InvalidAction)

Event log (newest first):
   0: [Diagnostic Event] topics:[error, Error(Auth, InvalidAction)], data:"escalating error to panic"
   1: [Diagnostic Event] topics:[error, Error(Auth, InvalidAction)], data:["contract call failed", create_campaign, [CAAAAAAAAAAAAAAAAAAAAAAAAAAAAAAAAAAAAAAAAAAAAAAAAAAAD2KM, "Bad Project", "Bad Description", -100, 3600]]
   2: [Failed Diagnostic Event (not emitted)] contract:CAAAAAAAAAAAAAAAAAAAAAAAAAAAAAAAAAAAAAAAAAAAAAAAAAAAHK3M, topics:[error, Error(Auth, InvalidAction)], data:"caught error from function"
   3: [Failed Diagnostic Event (not emitted)] contract:CAAAAAAAAAAAAAAAAAAAAAAAAAAAAAAAAAAAAAAAAAAAAAAAAAAAHK3M, topics:[error, Error(Auth, InvalidAction)], data:"escalating error to panic"
   4: [Failed Diagnostic Event (not emitted)] contract:CAAAAAAAAAAAAAAAAAAAAAAAAAAAAAAAAAAAAAAAAAAAAAAAAAAAHK3M, topics:[error, Error(Auth, InvalidAction)], data:["Unauthorized function call for address", CAAAAAAAAAAAAAAAAAAAAAAAAAAAAAAAAAAAAAAAAAAAAAAAAAAAD2KM]
   5: [Diagnostic Event] topics:[fn_call, CAAAAAAAAAAAAAAAAAAAAAAAAAAAAAAAAAAAAAAAAAAAAAAAAAAAHK3M, create_campaign], data:[CAAAAAAAAAAAAAAAAAAAAAAAAAAAAAAAAAAAAAAAAAAAAAAAAAAAD2KM, "Bad Project", "Bad Description", -100, 3600]
te_campaign_old_dea
dline.1.json".
Writing test snapshot file for test "test::test_create_campaign" to "test_snapshots\\test\\test_create_campaign.1.json".
Writing test snapshot file for test "test::test_create_campaign_invalid_goal" to "test_snapshots\\test\\test_create_campaign_invalid_goal.1.json".
test test::test_create_campaign ... FAILED
test test::test_create_campaign_invalid_goal - should panic ... FAILED
test test::test_create_campaign_old_deadline - should panic ... FAILED

failures:

---- test::test_create_campaign_invalid_goal stdout ----
note: panic did not contain expected string
      panic message: "HostError: Error(Auth, InvalidAction)\n\nEvent log (newest first):\n   0: [Diagnostic Event] topics:[error, Error(Auth, InvalidAction)], data:\"escalating error to panic\"\n   1: [Diagnostic Event] topics:[error, Error(Auth, InvalidAction)], data:[\"contract call failed\", create_campaign, [CAAAAAAAAAAAAAAAAAAAAAAAAAAAAAAAAAAAAAAAAAAAAAAAAAAAD2KM, \"Bad Project\", \"Bad Description\", -100, 3600]]\n   2: [Failed Diagnostic Event (not emitted)] contract:CAAAAAAAAAAAAAAAAAAAAAAAAAAAAAAAAAAAAAAAAAAAAAAAAAAAHK3M, topics:[error, Error(Auth, InvalidAction)], data:\"caught error from function\"\n   3: [Failed Diagnostic Event (not emitted)] contract:CAAAAAAAAAAAAAAAAAAAAAAAAAAAAAAAAAAAAAAAAAAAAAAAAAAAHK3M, topics:[error, Error(Auth, InvalidAction)], data:\"escalating error to panic\"\n   4: [Failed Diagnostic Event (not emitted)] contract:CAAAAAAAAAAAAAAAAAAAAAAAAAAAAAAAAAAAAAAAAAAAAAAAAAAAHK3M, topics:[error, Error(Auth, InvalidAction)], data:[\"Unauthorized function call for address\", CAAAAAAAAAAAAAAAAAAAAAAAAAAAAAAAAAAAAAAAAAAAAAAAAAAAD2KM]\n   5: [Diagnostic Event] topics:[fn_call, CAAAAAAAAAAAAAAAAAAAAAAAAAAAAAAAAAAAAAAAAAAAAAAAAAAAHK3M, create_campaign], data:[CAAAAAAAAAAAAAAAAAAAAAAAAAAAAAAAAAAAAAAAAAAAAAAAAAAAD2KM, \"Bad Project\", \"Bad Description\", -100, 3600]\n"
 expected substring: "goal must be positive"
---- test::test_create_campaign_old_deadline stdout ----
note: panic did not contain expected string
      panic message: "HostError: Error(Auth, InvalidAction)\n\nEvent log (newest first):\n   0: [Diagnostic Event] topics:[error, Error(Auth, InvalidAction)], data:\"escalating error to panic\"\n   1: [Diagnostic Event] topics:[error, Error(Auth, InvalidAction)], data:[\"contract call failed\", create_campaign, [CAAAAAAAAAAAAAAAAAAAAAAAAAAAAAAAAAAAAAAAAAAAAAAAAAAAD2KM, \"Old Project\", \"Old Description\", 1000, 10]]\n   2: [Failed Diagnostic Event (not emitted)] contract:CAAAAAAAAAAAAAAAAAAAAAAAAAAAAAAAAAAAAAAAAAAAAAAAAAAAHK3M, topics:[error, Error(Auth, InvalidAction)], data:\"caught error from function\"\n   3: [Failed Diagnostic Event (not emitted)] contract:CAAAAAAAAAAAAAAAAAAAAAAAAAAAAAAAAAAAAAAAAAAAAAAAAAAAHK3M, topics:[error, Error(Auth, InvalidAction)], data:\"escalating error to panic\"\n   4: [Failed Diagnostic Event (not emitted)] contract:CAAAAAAAAAAAAAAAAAAAAAAAAAAAAAAAAAAAAAAAAAAAAAAAAAAAHK3M, topics:[error, Error(Auth, InvalidAction)], data:[\"Unauthorized function call for address\", CAAAAAAAAAAAAAAAAAAAAAAAAAAAAAAAAAAAAAAAAAAAAAAAAAAAD2KM]\n   5: [Diagnostic Event] topics:[fn_call, CAAAAAAAAAAAAAAAAAAAAAAAAAAAAAAAAAAAAAAAAAAAAAAAAAAAHK3M, create_campaign], data:[CAAAAAAAAAAAAAAAAAAAAAAAAAAAAAAAAAAAAAAAAAAAAAAAAAAAD2KM, \"Old Project\", \"Old Description\", 1000, 10]\n"
 expected substring: "deadline must be in future"

failures:
    test::test_create_campaign
    test::test_create_campaign_invalid_goal
    test::test_create_campaign_old_deadline

test result: FAILED. 0 passed; 3 failed; 0 ignored; 0 measured; 0 filtered out; finished in 0.02s

error: test failed, to rerun pass `-p micro-fund --lib`
